** AuthController - authenticate
100 - error in comparing passwords in login
101 - error updating the user info in login
102 - error querying pessoa after logging in

** AuthController - checkToken
120 - error jwt verifying token

** AuthController - logout
130 - error query user
131 - error updating user info


** UserController - index
200 - error returning all users

** UserController - create_user_access
210 - error in creating user
211 - error in creating pessoa after creating user access
212 - error deleting user access record after failing to create pessoa
213 - error deleting user access record after failing to create pessoa fisica/juridica
214 - error deleting user access record after failing to create pessoa fisica/juridica

** UserController - verifyEmail 
220 - error searching pessoa by email

** UserController - createNewPerson
230 - error searching pessoa by email
231 - error creating new person

** UserController - get_user_data
300 - jwt verify token error

** CountriesController
400 - error querying countries